Program Version,EnergyPlus, Version 26.1.0-6f2e40d102, YMD=2026.07.27 22:56,
   ** Warning ** ProcessScheduleInput: Schedule:Constant = VAV_BOT MAX OA FRACTION
   **   ~~~   ** Schedule Type Limits Name is empty.
   **   ~~~   ** Schedule will not be validated.
   ** Warning ** ProcessScheduleInput: Schedule:Constant = VAV_MID MAX OA FRACTION
   **   ~~~   ** Schedule Type Limits Name is empty.
   **   ~~~   ** Schedule will not be validated.
   ** Warning ** ProcessScheduleInput: Schedule:Constant = VAV_TOP MAX OA FRACTION
   **   ~~~   ** Schedule Type Limits Name is empty.
   **   ~~~   ** Schedule will not be validated.
   ************* Beginning Zone Sizing Calculations
   ** Warning ** Weather file location will be used rather than entered (IDF) Location object.
   **   ~~~   ** ..Location object=DENVER-AURORA-BUCKLEY.AFB_CO_USA WMO=724695
   **   ~~~   ** ..Weather File Location=Bangalore Karnataka IND ISHRAE WMO#=432950
   **   ~~~   ** ..due to location differences, Latitude difference=[26.75] degrees, Longitude difference=[182.33] degrees.
   **   ~~~   ** ..Time Zone difference=[12.5] hour(s), Elevation difference=[46.64] percent, [805.00] meters.
   ** Warning ** CheckUsedConstructions: There are 20 nominally unused constructions in input.
   **   ~~~   ** For explicit details on each unused construction, use Output:Diagnostics,DisplayExtraWarnings;
   ** Warning ** GetDaylightingControls: Fraction of zone or space controlled by the Daylighting reference points is < 1.0.
   **   ~~~   ** ..discovered in Daylighting:Controls="PERIMETER_BOT_ZN_1_DAYLCTRL", only 0.523 of the zone or space is controlled.
   ** Warning ** GetDaylightingControls: Fraction of zone or space controlled by the Daylighting reference points is < 1.0.
   **   ~~~   ** ..discovered in Daylighting:Controls="PERIMETER_BOT_ZN_2_DAYLCTRL", only 0.523 of the zone or space is controlled.
   ** Warning ** GetDaylightingControls: Fraction of zone or space controlled by the Daylighting reference points is < 1.0.
   **   ~~~   ** ..discovered in Daylighting:Controls="PERIMETER_BOT_ZN_3_DAYLCTRL", only 0.523 of the zone or space is controlled.
   ** Warning ** GetDaylightingControls: Fraction of zone or space controlled by the Daylighting reference points is < 1.0.
   **   ~~~   ** ..discovered in Daylighting:Controls="PERIMETER_BOT_ZN_4_DAYLCTRL", only 0.523 of the zone or space is controlled.
   ** Warning ** GetDaylightingControls: Fraction of zone or space controlled by the Daylighting reference points is < 1.0.
   **   ~~~   ** ..discovered in Daylighting:Controls="PERIMETER_MID_ZN_1_DAYLCTRL", only 0.523 of the zone or space is controlled.
   ** Warning ** GetDaylightingControls: Fraction of zone or space controlled by the Daylighting reference points is < 1.0.
   **   ~~~   ** ..discovered in Daylighting:Controls="PERIMETER_MID_ZN_2_DAYLCTRL", only 0.523 of the zone or space is controlled.
   ** Warning ** GetDaylightingControls: Fraction of zone or space controlled by the Daylighting reference points is < 1.0.
   **   ~~~   ** ..discovered in Daylighting:Controls="PERIMETER_MID_ZN_3_DAYLCTRL", only 0.523 of the zone or space is controlled.
   ** Warning ** GetDaylightingControls: Fraction of zone or space controlled by the Daylighting reference points is < 1.0.
   **   ~~~   ** ..discovered in Daylighting:Controls="PERIMETER_MID_ZN_4_DAYLCTRL", only 0.523 of the zone or space is controlled.
   ** Warning ** GetDaylightingControls: Fraction of zone or space controlled by the Daylighting reference points is < 1.0.
   **   ~~~   ** ..discovered in Daylighting:Controls="PERIMETER_TOP_ZN_1_DAYLCTRL", only 0.523 of the zone or space is controlled.
   ** Warning ** GetDaylightingControls: Fraction of zone or space controlled by the Daylighting reference points is < 1.0.
   **   ~~~   ** ..discovered in Daylighting:Controls="PERIMETER_TOP_ZN_2_DAYLCTRL", only 0.523 of the zone or space is controlled.
   ** Warning ** GetDaylightingControls: Fraction of zone or space controlled by the Daylighting reference points is < 1.0.
   **   ~~~   ** ..discovered in Daylighting:Controls="PERIMETER_TOP_ZN_3_DAYLCTRL", only 0.523 of the zone or space is controlled.
   ** Warning ** GetDaylightingControls: Fraction of zone or space controlled by the Daylighting reference points is < 1.0.
   **   ~~~   ** ..discovered in Daylighting:Controls="PERIMETER_TOP_ZN_4_DAYLCTRL", only 0.523 of the zone or space is controlled.
   ************* Beginning System Sizing Calculations
   ** Warning ** Since Damper Heating Action = NORMAL, input for Maximum Flow Fraction During Reheat will be ignored.
   **   ~~~   ** Occurs in AirTerminal:SingleDuct:VAV:Reheat = CORE_BOTTOM VAV BOX COMPONENT
   ** Warning ** Since Damper Heating Action = NORMAL, input for Maximum Flow Fraction During Reheat will be ignored.
   **   ~~~   ** Occurs in AirTerminal:SingleDuct:VAV:Reheat = CORE_MID VAV BOX COMPONENT
   ** Warning ** Since Damper Heating Action = NORMAL, input for Maximum Flow Fraction During Reheat will be ignored.
   **   ~~~   ** Occurs in AirTerminal:SingleDuct:VAV:Reheat = CORE_TOP VAV BOX COMPONENT
   ** Warning ** Since Damper Heating Action = NORMAL, input for Maximum Flow Fraction During Reheat will be ignored.
   **   ~~~   ** Occurs in AirTerminal:SingleDuct:VAV:Reheat = PERIMETER_TOP_ZN_3 VAV BOX COMPONENT
   ** Warning ** Since Damper Heating Action = NORMAL, input for Maximum Flow Fraction During Reheat will be ignored.
   **   ~~~   ** Occurs in AirTerminal:SingleDuct:VAV:Reheat = PERIMETER_TOP_ZN_2 VAV BOX COMPONENT
   ** Warning ** Since Damper Heating Action = NORMAL, input for Maximum Flow Fraction During Reheat will be ignored.
   **   ~~~   ** Occurs in AirTerminal:SingleDuct:VAV:Reheat = PERIMETER_TOP_ZN_1 VAV BOX COMPONENT
   ** Warning ** Since Damper Heating Action = NORMAL, input for Maximum Flow Fraction During Reheat will be ignored.
   **   ~~~   ** Occurs in AirTerminal:SingleDuct:VAV:Reheat = PERIMETER_TOP_ZN_4 VAV BOX COMPONENT
   ** Warning ** Since Damper Heating Action = NORMAL, input for Maximum Flow Fraction During Reheat will be ignored.
   **   ~~~   ** Occurs in AirTerminal:SingleDuct:VAV:Reheat = PERIMETER_BOT_ZN_3 VAV BOX COMPONENT
   ** Warning ** Since Damper Heating Action = NORMAL, input for Maximum Flow Fraction During Reheat will be ignored.
   **   ~~~   ** Occurs in AirTerminal:SingleDuct:VAV:Reheat = PERIMETER_BOT_ZN_2 VAV BOX COMPONENT
   ** Warning ** Since Damper Heating Action = NORMAL, input for Maximum Flow Fraction During Reheat will be ignored.
   **   ~~~   ** Occurs in AirTerminal:SingleDuct:VAV:Reheat = PERIMETER_BOT_ZN_1 VAV BOX COMPONENT
   ** Warning ** Since Damper Heating Action = NORMAL, input for Maximum Flow Fraction During Reheat will be ignored.
   **   ~~~   ** Occurs in AirTerminal:SingleDuct:VAV:Reheat = PERIMETER_BOT_ZN_4 VAV BOX COMPONENT
   ** Warning ** Since Damper Heating Action = NORMAL, input for Maximum Flow Fraction During Reheat will be ignored.
   **   ~~~   ** Occurs in AirTerminal:SingleDuct:VAV:Reheat = PERIMETER_MID_ZN_3 VAV BOX COMPONENT
   ** Warning ** Since Damper Heating Action = NORMAL, input for Maximum Flow Fraction During Reheat will be ignored.
   **   ~~~   ** Occurs in AirTerminal:SingleDuct:VAV:Reheat = PERIMETER_MID_ZN_2 VAV BOX COMPONENT
   ** Warning ** Since Damper Heating Action = NORMAL, input for Maximum Flow Fraction During Reheat will be ignored.
   **   ~~~   ** Occurs in AirTerminal:SingleDuct:VAV:Reheat = PERIMETER_MID_ZN_1 VAV BOX COMPONENT
   ** Warning ** Since Damper Heating Action = NORMAL, input for Maximum Flow Fraction During Reheat will be ignored.
   **   ~~~   ** Occurs in AirTerminal:SingleDuct:VAV:Reheat = PERIMETER_MID_ZN_4 VAV BOX COMPONENT
   ************* Beginning Plant Sizing Calculations
   ************* Testing Individual Branch Integrity
   ************* All Branches passed integrity testing
   ************* Testing Individual Supply Air Path Integrity
   ************* All Supply Air Paths passed integrity testing
   ************* Testing Individual Return Air Path Integrity
   ************* All Return Air Paths passed integrity testing
   ************* No node connection errors were found.
   ************* Beginning Simulation
   ** Warning ** Data Exchange API: An EnergyManagementSystem:Actuator seems to be already defined in the EnergyPlus File and named 'CLGSETP_SCH_ACTUATOR'.
   **   ~~~   ** Occurred for componentType='SCHEDULE:COMPACT', controlType='SCHEDULE VALUE', uniqueKey='CLGSETP_SCH_YES_OPTIMUM'.
   **   ~~~   ** The getActuatorHandle function will still return the handle (= 37) but caller should take note that there is a risk of overwriting.
   ** Warning ** Data Exchange API: An EnergyManagementSystem:Actuator seems to be already defined in the EnergyPlus File and named 'HTGSETP_SCH_ACTUATOR'.
   **   ~~~   ** Occurred for componentType='SCHEDULE:COMPACT', controlType='SCHEDULE VALUE', uniqueKey='HTGSETP_SCH_YES_OPTIMUM'.
   **   ~~~   ** The getActuatorHandle function will still return the handle (= 30) but caller should take note that there is a risk of overwriting.
   ** Warning ** Processing Monthly Tabular Reports: Variable names not valid for this simulation
   **   ~~~   ** ...use Output:Diagnostics,DisplayExtraWarnings; to show more details on individual variables.
   ** Severe  ** CheckWarmupConvergence: Loads Initialization, Zone="MIDFLOOR_PLENUM" did not converge after 15 warmup days.
   **   ~~~   ** See Warmup Convergence Information in .eio file for details.
   **   ~~~   ** ...Environment(RunPeriod)="RUNPERIOD 3"
   **   ~~~   ** ..Max Temp Comparison = 4.33E-003 vs Temperature Convergence Tolerance=0.20 - Pass Convergence
   **   ~~~   ** ..Min Temp Comparison = 1.35E-002 vs Temperature Convergence Tolerance=0.20 - Pass Convergence
   **   ~~~   ** ..Max Heat Load Comparison = 4.8403E-002 vs Loads Convergence Tolerance=4.00E-002 - Fail Convergence
   **   ~~~   ** ..Max Cool Load Comparison = 1.7954E-003 vs Loads Convergence Tolerance=4.00E-002 - Pass Convergence
   ** Severe  ** CheckWarmupConvergence: User supplied maximum warmup days=15 is insufficient.
   **   ~~~   ** Suggest setting maximum number of warmup days to at least 25.
   ** Warning ** SimHVAC: Maximum iterations (5) exceeded for all HVAC loops, at RUNPERIOD 3, 07/10 15:00 - 15:15
   **   ~~~   ** ...use Output:Diagnostics,DisplayExtraWarnings; to show more details on each max iteration exceeded.
   ** Warning ** SimHVAC: Maximum iterations (5) exceeded for all HVAC loops, at RUNPERIOD 3, 07/23 11:00 - 11:15
   **   ~~~   ** The solution for one or more of the Air Loop HVAC systems did not appear to converge
   ** Warning ** SimHVAC: Maximum iterations (5) exceeded for all HVAC loops, at RUNPERIOD 3, 07/23 11:30 - 11:45
   **   ~~~   ** The solution for one or more of the Air Loop HVAC systems did not appear to converge
   ** Warning ** SimHVAC: Maximum iterations (5) exceeded for all HVAC loops, at RUNPERIOD 3, 07/26 13:45 - 14:00
   **   ~~~   ** The solution for one or more of the Air Loop HVAC systems did not appear to converge
   ** Warning ** SimHVAC: Maximum iterations (5) exceeded for all HVAC loops, at RUNPERIOD 3, 07/26 14:45 - 15:00
   **   ~~~   ** The solution for one or more of the Air Loop HVAC systems did not appear to converge
   ** Warning ** SimHVAC: Maximum iterations (5) exceeded for all HVAC loops, at RUNPERIOD 3, 07/27 13:45 - 14:00
   **   ~~~   ** The solution for one or more of the Air Loop HVAC systems did not appear to converge
   ** Warning ** SimHVAC: Maximum iterations (5) exceeded for all HVAC loops, at RUNPERIOD 3, 07/27 14:00 - 14:15
   **   ~~~   ** The solution for one or more of the Air Loop HVAC systems did not appear to converge
   ************* Simulation Error Summary *************
   ** Warning ** The following Report Variables were requested but not generated -- check.rdd file
   **   ~~~   ** Either the IDF did not contain these elements, the variable name is misspelled,
   **   ~~~   ** or the requested variable is an advanced output which requires Output : Diagnostics, DisplayAdvancedReportVariables;
   ************* Key=*, VarName=INTERIORLIGHTS ELECTRICITY RATE, Frequency=Detailed
   ************* Key=*, VarName=INTERIOREQUIPMENT ELECTRICITY RATE, Frequency=Detailed
   ************* There are 29 unused schedules in input.
   ************* Use Output:Diagnostics,DisplayUnusedSchedules; to see them.
   *************
   ************* ===== Recurring Error Summary =====
   ************* The following recurring error messages occurred.
   *************
   *************  ** Warning ** Plant loop exceeding upper temperature limit, PlantLoop="SHWSYS1"
   *************  **   ~~~   **   This error occurred 11921 total times;
   *************  **   ~~~   **   during Warmup 6894 times;
   *************  **   ~~~   **   during Sizing 0 times.
   *************  **   ~~~   **   Max=82.222200
   *************
   *************
   ************* ===== Final Error Summary =====
   ************* The following error categories occurred.  Consider correcting or noting.
   ************* Loads Initialization did not Converge
   ************* ..1) very high thermal mass such as very thick concrete (solution: increase max number of warmup
   ************* ..   days in the BUILDING object);
   ************* ..2) moderate mass and inadequate space conditioning such that the building keeps getting warmer
   ************* ..   and warmer on successive days (solution: add HVAC, check building thermal properties,
   ************* ..   check if infiltration is included, make sure HVAC properly controlled);
   ************* ..3) a soil layer modeled below the concrete slab - (solution remove this layer and read about
   ************* ..   ground temperatures in the Auxiliary Programs document).
   ************* ..4) unreasonable (too small) limits in the BUILDING object for temperature (.4 default) or
   ************* ..   loads tolerances (.04 default)
   ************* Nominally Unused Constructions
   ************* ..The nominally unused constructions warning is provided to alert you to potential conditions that can cause
   ************* ..extra time during simulation. Each construction is calculated by the algorithm indicated in the HeatBalanceAlgorithm
   ************* ..object. You may remove the constructions indicated (when you use the DisplayExtraWarnings option).
   *************
   ************* EnergyPlus Warmup Error Summary. During Warmup: 2 Warning; 2 Severe Errors.
   ************* EnergyPlus Sizing Error Summary. During Sizing: 29 Warning; 0 Severe Errors.
   ************* EnergyPlus Completed Successfully-- 11963 Warning; 2 Severe Errors; Elapsed Time=00hr 00min 30.33sec
